mode: set
gitlab.com/shaninalex/lumna/app/pkg/utils/entity_code.go:9.47,12.2 2 1
gitlab.com/shaninalex/lumna/app/pkg/utils/env.go:8.42,9.40 1 0
gitlab.com/shaninalex/lumna/app/pkg/utils/env.go:9.40,11.3 1 0
gitlab.com/shaninalex/lumna/app/pkg/utils/env.go:12.2,12.17 1 0
gitlab.com/shaninalex/lumna/app/pkg/utils/password.go:22.61,26.16 3 1
gitlab.com/shaninalex/lumna/app/pkg/utils/password.go:26.16,28.3 1 0
gitlab.com/shaninalex/lumna/app/pkg/utils/password.go:30.2,37.25 3 1
gitlab.com/shaninalex/lumna/app/pkg/utils/password.go:41.60,43.21 2 1
gitlab.com/shaninalex/lumna/app/pkg/utils/password.go:43.21,45.3 1 0
gitlab.com/shaninalex/lumna/app/pkg/utils/password.go:47.2,49.16 3 1
gitlab.com/shaninalex/lumna/app/pkg/utils/password.go:49.16,51.3 1 0
gitlab.com/shaninalex/lumna/app/pkg/utils/password.go:53.2,54.16 2 1
gitlab.com/shaninalex/lumna/app/pkg/utils/password.go:54.16,56.3 1 0
gitlab.com/shaninalex/lumna/app/pkg/utils/password.go:58.2,59.16 2 1
gitlab.com/shaninalex/lumna/app/pkg/utils/password.go:59.16,61.3 1 0
gitlab.com/shaninalex/lumna/app/pkg/utils/password.go:63.2,65.51 2 1
gitlab.com/shaninalex/lumna/app/pkg/utils/password.go:65.51,67.3 1 1
gitlab.com/shaninalex/lumna/app/pkg/utils/password.go:68.2,68.46 1 1
gitlab.com/shaninalex/lumna/app/pkg/utils/password.go:72.50,73.22 1 1
gitlab.com/shaninalex/lumna/app/pkg/utils/password.go:73.22,75.3 1 0
gitlab.com/shaninalex/lumna/app/pkg/utils/password.go:76.2,77.30 2 1
gitlab.com/shaninalex/lumna/app/pkg/utils/password.go:77.30,79.3 1 1
gitlab.com/shaninalex/lumna/app/pkg/utils/password.go:80.2,80.20 1 1
gitlab.com/shaninalex/lumna/app/pkg/utils/ptr.go:4.29,6.2 1 0
gitlab.com/shaninalex/lumna/app/main.go:10.13,12.2 1 0
gitlab.com/shaninalex/lumna/app/cmd/root.go:12.40,24.2 7 0
gitlab.com/shaninalex/lumna/app/cmd/root.go:27.20,30.36 2 0
gitlab.com/shaninalex/lumna/app/cmd/root.go:30.36,33.3 2 0
gitlab.com/shaninalex/lumna/app/cmd/root.go:34.2,34.10 1 0
gitlab.com/shaninalex/lumna/app/cmd/client/client.go:19.44,21.2 1 0
gitlab.com/shaninalex/lumna/app/cmd/client/client.go:23.42,25.9 2 0
gitlab.com/shaninalex/lumna/app/cmd/client/client.go:25.9,26.39 1 0
gitlab.com/shaninalex/lumna/app/cmd/client/client.go:28.2,28.12 1 0
gitlab.com/shaninalex/lumna/app/cmd/client/client.go:31.38,34.16 3 0
gitlab.com/shaninalex/lumna/app/cmd/client/client.go:34.16,35.13 1 0
gitlab.com/shaninalex/lumna/app/cmd/client/client.go:38.2,39.13 2 0
gitlab.com/shaninalex/lumna/app/cmd/client/client.go:42.53,44.16 2 0
gitlab.com/shaninalex/lumna/app/cmd/client/client.go:44.16,46.3 1 0
gitlab.com/shaninalex/lumna/app/cmd/client/client.go:47.2,52.8 2 0
gitlab.com/shaninalex/lumna/app/cmd/identities/create.go:11.50,17.48 1 0
gitlab.com/shaninalex/lumna/app/cmd/identities/create.go:17.48,19.18 2 0
gitlab.com/shaninalex/lumna/app/cmd/identities/create.go:19.18,20.15 1 0
gitlab.com/shaninalex/lumna/app/cmd/identities/create.go:22.4,28.18 5 0
gitlab.com/shaninalex/lumna/app/cmd/identities/create.go:28.18,31.5 2 0
gitlab.com/shaninalex/lumna/app/cmd/identities/create.go:33.4,35.43 3 0
gitlab.com/shaninalex/lumna/app/cmd/identities/create.go:39.2,39.12 1 0
gitlab.com/shaninalex/lumna/app/cmd/identities/get.go:11.47,16.48 1 0
gitlab.com/shaninalex/lumna/app/cmd/identities/get.go:16.48,18.18 2 0
gitlab.com/shaninalex/lumna/app/cmd/identities/get.go:18.18,19.15 1 0
gitlab.com/shaninalex/lumna/app/cmd/identities/get.go:21.4,24.18 3 0
gitlab.com/shaninalex/lumna/app/cmd/identities/get.go:24.18,25.15 1 0
gitlab.com/shaninalex/lumna/app/cmd/identities/get.go:28.4,29.18 2 0
gitlab.com/shaninalex/lumna/app/cmd/identities/get.go:29.18,30.15 1 0
gitlab.com/shaninalex/lumna/app/cmd/identities/get.go:33.4,34.43 2 0
gitlab.com/shaninalex/lumna/app/cmd/identities/get.go:38.2,38.12 1 0
gitlab.com/shaninalex/lumna/app/cmd/identities/root.go:7.44,17.2 4 0
gitlab.com/shaninalex/lumna/app/web/router.go:28.26,32.2 1 1
gitlab.com/shaninalex/lumna/app/web/router.go:34.70,36.2 1 1
gitlab.com/shaninalex/lumna/app/web/router.go:38.61,40.2 1 1
gitlab.com/shaninalex/lumna/app/web/router.go:42.62,44.2 1 0
gitlab.com/shaninalex/lumna/app/web/router.go:46.62,48.2 1 0
gitlab.com/shaninalex/lumna/app/web/router.go:50.61,52.2 1 0
gitlab.com/shaninalex/lumna/app/web/router.go:54.63,56.2 1 0
gitlab.com/shaninalex/lumna/app/web/router.go:58.64,60.2 1 0
gitlab.com/shaninalex/lumna/app/web/router.go:62.76,68.4 2 1
gitlab.com/shaninalex/lumna/app/web/router.go:68.4,70.3 1 1
gitlab.com/shaninalex/lumna/app/web/router.go:73.36,75.2 1 1
gitlab.com/shaninalex/lumna/app/web/router.go:77.101,78.47 1 1
gitlab.com/shaninalex/lumna/app/web/router.go:78.47,80.3 1 1
gitlab.com/shaninalex/lumna/app/web/router.go:81.2,81.73 1 1
gitlab.com/shaninalex/lumna/app/web/router.go:81.73,84.3 1 1
gitlab.com/shaninalex/lumna/app/web/router.go:87.38,88.21 1 0
gitlab.com/shaninalex/lumna/app/web/router.go:88.21,90.3 1 0
gitlab.com/shaninalex/lumna/app/web/router.go:91.2,91.15 1 0
gitlab.com/shaninalex/lumna/app/web/router.go:91.15,92.32 1 0
gitlab.com/shaninalex/lumna/app/web/router.go:94.2,95.85 2 0
gitlab.com/shaninalex/lumna/app/web/router.go:98.32,99.30 1 0
gitlab.com/shaninalex/lumna/app/web/router.go:99.30,101.3 1 0
gitlab.com/shaninalex/lumna/app/web/router_default.go:9.33,15.2 3 1
gitlab.com/shaninalex/lumna/app/web/router_default.go:21.67,22.32 1 1
gitlab.com/shaninalex/lumna/app/web/router_default.go:22.32,24.3 1 1
gitlab.com/shaninalex/lumna/app/web/static_embed_no.go:9.26,11.2 1 0
gitlab.com/shaninalex/lumna/app/web/static_handler.go:9.81,10.54 1 0
gitlab.com/shaninalex/lumna/app/web/static_handler.go:10.54,12.18 2 0
gitlab.com/shaninalex/lumna/app/web/static_handler.go:12.18,14.4 1 0
gitlab.com/shaninalex/lumna/app/web/static_handler.go:15.3,16.17 2 0
gitlab.com/shaninalex/lumna/app/web/static_handler.go:16.17,19.4 2 0
gitlab.com/shaninalex/lumna/app/web/static_handler.go:20.3,20.47 1 0
gitlab.com/shaninalex/lumna/app/services/auth_token_service.go:29.35,35.2 1 1
gitlab.com/shaninalex/lumna/app/services/auth_token_service.go:45.112,47.16 2 1
gitlab.com/shaninalex/lumna/app/services/auth_token_service.go:47.16,49.3 1 0
gitlab.com/shaninalex/lumna/app/services/auth_token_service.go:51.2,52.16 2 1
gitlab.com/shaninalex/lumna/app/services/auth_token_service.go:52.16,54.3 1 0
gitlab.com/shaninalex/lumna/app/services/auth_token_service.go:56.2,63.16 3 1
gitlab.com/shaninalex/lumna/app/services/auth_token_service.go:63.16,65.3 1 0
gitlab.com/shaninalex/lumna/app/services/auth_token_service.go:67.2,67.42 1 1
gitlab.com/shaninalex/lumna/app/services/auth_token_service.go:70.91,72.2 1 1
gitlab.com/shaninalex/lumna/app/services/auth_token_service.go:74.99,79.2 1 1
gitlab.com/shaninalex/lumna/app/services/auth_token_service.go:81.112,82.72 1 1
gitlab.com/shaninalex/lumna/app/services/auth_token_service.go:82.72,84.3 1 0
gitlab.com/shaninalex/lumna/app/services/auth_token_service.go:86.2,87.16 2 1
gitlab.com/shaninalex/lumna/app/services/auth_token_service.go:87.16,89.3 1 0
gitlab.com/shaninalex/lumna/app/services/auth_token_service.go:91.2,91.19 1 1
gitlab.com/shaninalex/lumna/app/services/auth_token_service.go:91.19,93.3 1 0
gitlab.com/shaninalex/lumna/app/services/auth_token_service.go:95.2,95.19 1 1
gitlab.com/shaninalex/lumna/app/services/auth_token_service.go:95.19,96.85 1 0
gitlab.com/shaninalex/lumna/app/services/auth_token_service.go:96.85,99.4 2 0
gitlab.com/shaninalex/lumna/app/services/auth_token_service.go:100.3,100.53 1 0
gitlab.com/shaninalex/lumna/app/services/auth_token_service.go:103.2,104.16 2 1
gitlab.com/shaninalex/lumna/app/services/auth_token_service.go:104.16,106.3 1 0
gitlab.com/shaninalex/lumna/app/services/auth_token_service.go:107.2,107.20 1 1
gitlab.com/shaninalex/lumna/app/services/jwt_access_service.go:35.56,37.2 1 1
gitlab.com/shaninalex/lumna/app/services/jwt_access_service.go:39.88,44.2 1 1
gitlab.com/shaninalex/lumna/app/services/jwt_access_service.go:46.101,61.16 6 1
gitlab.com/shaninalex/lumna/app/services/jwt_access_service.go:61.16,63.3 1 0
gitlab.com/shaninalex/lumna/app/services/jwt_access_service.go:65.2,70.8 1 1
gitlab.com/shaninalex/lumna/app/services/jwt_access_service.go:73.110,74.107 1 1
gitlab.com/shaninalex/lumna/app/services/jwt_access_service.go:74.107,75.58 1 1
gitlab.com/shaninalex/lumna/app/services/jwt_access_service.go:75.58,77.4 1 0
gitlab.com/shaninalex/lumna/app/services/jwt_access_service.go:78.3,78.27 1 1
gitlab.com/shaninalex/lumna/app/services/jwt_access_service.go:80.2,80.16 1 1
gitlab.com/shaninalex/lumna/app/services/jwt_access_service.go:80.16,82.3 1 0
gitlab.com/shaninalex/lumna/app/services/jwt_access_service.go:84.2,85.25 2 1
gitlab.com/shaninalex/lumna/app/services/jwt_access_service.go:85.25,87.3 1 0
gitlab.com/shaninalex/lumna/app/services/jwt_access_service.go:89.2,89.52 1 1
gitlab.com/shaninalex/lumna/app/services/jwt_access_service.go:89.52,91.3 1 0
gitlab.com/shaninalex/lumna/app/services/jwt_access_service.go:93.2,93.20 1 1
gitlab.com/shaninalex/lumna/app/services/jwt_refresh_service.go:41.58,43.2 1 1
gitlab.com/shaninalex/lumna/app/services/jwt_refresh_service.go:45.90,50.2 1 1
gitlab.com/shaninalex/lumna/app/services/jwt_refresh_service.go:52.83,64.16 6 1
gitlab.com/shaninalex/lumna/app/services/jwt_refresh_service.go:64.16,66.3 1 0
gitlab.com/shaninalex/lumna/app/services/jwt_refresh_service.go:68.2,71.8 1 1
gitlab.com/shaninalex/lumna/app/services/jwt_refresh_service.go:74.91,76.90 2 1
gitlab.com/shaninalex/lumna/app/services/jwt_refresh_service.go:76.90,77.58 1 1
gitlab.com/shaninalex/lumna/app/services/jwt_refresh_service.go:77.58,79.4 1 0
gitlab.com/shaninalex/lumna/app/services/jwt_refresh_service.go:80.3,80.27 1 1
gitlab.com/shaninalex/lumna/app/services/jwt_refresh_service.go:82.2,82.16 1 1
gitlab.com/shaninalex/lumna/app/services/jwt_refresh_service.go:82.16,84.3 1 0
gitlab.com/shaninalex/lumna/app/services/jwt_refresh_service.go:87.2,87.18 1 1
gitlab.com/shaninalex/lumna/app/services/jwt_refresh_service.go:87.18,89.3 1 0
gitlab.com/shaninalex/lumna/app/services/jwt_refresh_service.go:92.2,92.72 1 1
gitlab.com/shaninalex/lumna/app/services/jwt_refresh_service.go:92.72,94.3 1 0
gitlab.com/shaninalex/lumna/app/services/jwt_refresh_service.go:97.2,97.49 1 1
gitlab.com/shaninalex/lumna/app/services/jwt_refresh_service.go:97.49,99.3 1 0
gitlab.com/shaninalex/lumna/app/services/jwt_refresh_service.go:101.2,101.20 1 1
gitlab.com/shaninalex/lumna/app/services/project_service.go:19.78,20.24 1 0
gitlab.com/shaninalex/lumna/app/services/user_service.go:26.35,30.2 1 1
gitlab.com/shaninalex/lumna/app/services/user_service.go:33.86,35.16 2 1
gitlab.com/shaninalex/lumna/app/services/user_service.go:35.16,37.3 1 0
gitlab.com/shaninalex/lumna/app/services/user_service.go:38.2,38.18 1 1
gitlab.com/shaninalex/lumna/app/services/user_service.go:42.94,44.16 2 1
gitlab.com/shaninalex/lumna/app/services/user_service.go:44.16,46.3 1 0
gitlab.com/shaninalex/lumna/app/services/user_service.go:47.2,47.18 1 1
gitlab.com/shaninalex/lumna/app/services/user_service.go:51.93,53.16 2 1
gitlab.com/shaninalex/lumna/app/services/user_service.go:53.16,55.3 1 0
gitlab.com/shaninalex/lumna/app/services/user_service.go:56.2,56.65 1 1
gitlab.com/shaninalex/lumna/app/services/user_service.go:56.65,58.3 1 0
gitlab.com/shaninalex/lumna/app/services/user_service.go:59.2,59.12 1 1
gitlab.com/shaninalex/lumna/app/services/user_service.go:63.103,65.16 2 1
gitlab.com/shaninalex/lumna/app/services/user_service.go:65.16,67.3 1 0
gitlab.com/shaninalex/lumna/app/services/user_service.go:69.2,75.16 3 1
gitlab.com/shaninalex/lumna/app/services/user_service.go:75.16,77.3 1 0
gitlab.com/shaninalex/lumna/app/services/user_service.go:79.2,85.8 1 1
gitlab.com/shaninalex/lumna/app/services/user_service.go:89.91,90.69 1 1
gitlab.com/shaninalex/lumna/app/services/user_service.go:90.69,92.3 1 0
gitlab.com/shaninalex/lumna/app/services/user_service.go:93.2,93.12 1 1
gitlab.com/shaninalex/lumna/app/cmd/serve/root.go:19.49,29.2 3 0
gitlab.com/shaninalex/lumna/app/cmd/serve/root.go:31.54,33.16 2 0
gitlab.com/shaninalex/lumna/app/cmd/serve/root.go:33.16,34.13 1 0
gitlab.com/shaninalex/lumna/app/cmd/serve/root.go:36.2,39.16 3 0
gitlab.com/shaninalex/lumna/app/cmd/serve/root.go:39.16,40.43 1 0
gitlab.com/shaninalex/lumna/app/cmd/serve/root.go:43.2,52.11 3 0
gitlab.com/shaninalex/lumna/app/cmd/serve/root.go:52.11,53.49 1 0
gitlab.com/shaninalex/lumna/app/cmd/serve/root.go:53.49,55.4 1 0
gitlab.com/shaninalex/lumna/app/cmd/serve/root.go:58.2,64.99 5 0
gitlab.com/shaninalex/lumna/app/cmd/serve/root.go:64.99,65.45 1 0
gitlab.com/shaninalex/lumna/app/pkg/dir/working_directories.go:26.35,28.16 2 0
gitlab.com/shaninalex/lumna/app/pkg/dir/working_directories.go:28.16,29.13 1 0
gitlab.com/shaninalex/lumna/app/pkg/dir/working_directories.go:31.2,31.49 1 0
gitlab.com/shaninalex/lumna/app/pkg/dir/working_directories.go:35.38,37.16 2 0
gitlab.com/shaninalex/lumna/app/pkg/dir/working_directories.go:37.16,38.13 1 0
gitlab.com/shaninalex/lumna/app/pkg/dir/working_directories.go:40.2,40.38 1 0
gitlab.com/shaninalex/lumna/app/pkg/dir/working_directories.go:44.37,46.57 2 0
gitlab.com/shaninalex/lumna/app/pkg/dir/working_directories.go:46.57,48.3 1 0
gitlab.com/shaninalex/lumna/app/pkg/dir/working_directories.go:50.2,50.56 1 0
gitlab.com/shaninalex/lumna/app/pkg/dir/working_directories.go:50.56,52.3 1 0
gitlab.com/shaninalex/lumna/app/pkg/dir/working_directories.go:54.2,54.56 1 0
gitlab.com/shaninalex/lumna/app/pkg/dir/working_directories.go:54.56,56.3 1 0
gitlab.com/shaninalex/lumna/app/pkg/dir/working_directories.go:58.2,59.12 2 0
gitlab.com/shaninalex/lumna/app/pkg/dir/working_directories.go:63.41,65.16 2 0
gitlab.com/shaninalex/lumna/app/pkg/dir/working_directories.go:65.16,67.3 1 0
gitlab.com/shaninalex/lumna/app/pkg/dir/working_directories.go:68.2,68.67 1 0
gitlab.com/shaninalex/lumna/app/pkg/dir/working_directories.go:72.27,74.16 2 0
gitlab.com/shaninalex/lumna/app/pkg/dir/working_directories.go:74.16,75.13 1 0
gitlab.com/shaninalex/lumna/app/pkg/dir/working_directories.go:78.2,78.40 1 0
gitlab.com/shaninalex/lumna/app/pkg/db/db.go:10.54,12.17 2 0
gitlab.com/shaninalex/lumna/app/pkg/db/db.go:12.17,13.39 1 0
gitlab.com/shaninalex/lumna/app/pkg/db/db.go:15.2,15.13 1 0
gitlab.com/shaninalex/lumna/app/pkg/db/db_middleware.go:15.44,17.2 1 0
gitlab.com/shaninalex/lumna/app/pkg/db/db_middleware.go:19.59,20.71 1 0
gitlab.com/shaninalex/lumna/app/pkg/db/db_middleware.go:20.71,23.3 2 0
gitlab.com/shaninalex/lumna/app/pkg/db/migrations.go:14.34,18.16 3 0
gitlab.com/shaninalex/lumna/app/pkg/db/migrations.go:18.16,19.13 1 0
gitlab.com/shaninalex/lumna/app/pkg/db/migrations.go:22.2,23.16 2 0
gitlab.com/shaninalex/lumna/app/pkg/db/migrations.go:23.16,24.13 1 0
gitlab.com/shaninalex/lumna/app/pkg/db/migrations.go:27.2,28.16 2 0
gitlab.com/shaninalex/lumna/app/pkg/db/migrations.go:28.16,29.13 1 0
gitlab.com/shaninalex/lumna/app/pkg/db/migrations.go:32.2,32.71 1 0
gitlab.com/shaninalex/lumna/app/pkg/db/migrations.go:32.71,33.13 1 0
gitlab.com/shaninalex/lumna/app/pkg/db/migrations.go:36.2,36.19 1 0
gitlab.com/shaninalex/lumna/app/pkg/db/operators.go:8.43,9.20 1 0
gitlab.com/shaninalex/lumna/app/pkg/db/operators.go:9.20,11.3 1 0
gitlab.com/shaninalex/lumna/app/pkg/db/operators.go:13.2,16.27 3 0
gitlab.com/shaninalex/lumna/app/pkg/db/operators.go:16.27,19.3 2 0
gitlab.com/shaninalex/lumna/app/pkg/db/operators.go:21.2,21.59 1 0
gitlab.com/shaninalex/lumna/app/pkg/db/operators.go:24.41,25.20 1 0
gitlab.com/shaninalex/lumna/app/pkg/db/operators.go:25.20,27.3 1 0
gitlab.com/shaninalex/lumna/app/pkg/db/operators.go:29.2,32.27 3 0
gitlab.com/shaninalex/lumna/app/pkg/db/operators.go:32.27,35.3 2 0
gitlab.com/shaninalex/lumna/app/pkg/db/operators.go:37.2,37.52 1 0
gitlab.com/shaninalex/lumna/app/pkg/config/config.go:32.38,34.16 2 0
gitlab.com/shaninalex/lumna/app/pkg/config/config.go:34.16,35.13 1 0
gitlab.com/shaninalex/lumna/app/pkg/config/config.go:37.2,40.16 3 0
gitlab.com/shaninalex/lumna/app/pkg/config/config.go:40.16,41.13 1 0
gitlab.com/shaninalex/lumna/app/pkg/config/config.go:44.2,45.51 2 0
gitlab.com/shaninalex/lumna/app/pkg/config/config.go:45.51,46.13 1 0
gitlab.com/shaninalex/lumna/app/pkg/config/config.go:49.2,49.16 1 0
gitlab.com/shaninalex/lumna/app/web/api/auth/controller.go:8.36,13.2 1 1
gitlab.com/shaninalex/lumna/app/web/api/auth/controller.go:20.49,25.2 4 1
gitlab.com/shaninalex/lumna/app/web/api/auth/handle_login.go:16.75,19.16 3 1
gitlab.com/shaninalex/lumna/app/web/api/auth/handle_login.go:19.16,22.3 2 0
gitlab.com/shaninalex/lumna/app/web/api/auth/handle_login.go:24.2,25.16 2 1
gitlab.com/shaninalex/lumna/app/web/api/auth/handle_login.go:25.16,28.3 2 0
gitlab.com/shaninalex/lumna/app/web/api/auth/handle_login.go:30.2,30.89 1 1
gitlab.com/shaninalex/lumna/app/web/api/auth/handle_login.go:30.89,33.3 2 1
gitlab.com/shaninalex/lumna/app/web/api/auth/handle_login.go:35.2,36.16 2 1
gitlab.com/shaninalex/lumna/app/web/api/auth/handle_login.go:36.16,39.3 2 0
gitlab.com/shaninalex/lumna/app/web/api/auth/handle_login.go:41.2,61.43 3 1
gitlab.com/shaninalex/lumna/app/web/api/auth/handle_refresh.go:10.77,13.16 3 0
gitlab.com/shaninalex/lumna/app/web/api/auth/handle_refresh.go:13.16,16.3 2 0
gitlab.com/shaninalex/lumna/app/web/api/auth/handle_refresh.go:18.2,19.16 2 0
gitlab.com/shaninalex/lumna/app/web/api/auth/handle_refresh.go:19.16,22.3 2 0
gitlab.com/shaninalex/lumna/app/web/api/auth/handle_refresh.go:23.2,33.45 2 0
gitlab.com/shaninalex/lumna/app/web/api/auth/handle_registration.go:15.82,18.16 3 1
gitlab.com/shaninalex/lumna/app/web/api/auth/handle_registration.go:18.16,21.3 2 0
gitlab.com/shaninalex/lumna/app/web/api/auth/handle_registration.go:23.2,23.75 1 1
gitlab.com/shaninalex/lumna/app/web/api/auth/handle_registration.go:23.75,26.3 2 0
gitlab.com/shaninalex/lumna/app/web/api/auth/handle_registration.go:28.2,28.89 1 1
gitlab.com/shaninalex/lumna/app/web/api/auth/handle_registration.go:28.89,31.3 2 0
gitlab.com/shaninalex/lumna/app/web/api/auth/handle_registration.go:33.2,33.50 1 1
gitlab.com/shaninalex/lumna/app/cmd/migrate/root.go:9.41,14.48 1 0
gitlab.com/shaninalex/lumna/app/cmd/migrate/root.go:14.48,16.18 2 0
gitlab.com/shaninalex/lumna/app/cmd/migrate/root.go:16.18,17.15 1 0
gitlab.com/shaninalex/lumna/app/cmd/migrate/root.go:19.4,20.28 2 0
gitlab.com/shaninalex/lumna/app/cmd/migrate/root.go:24.2,24.12 1 0
gitlab.com/shaninalex/lumna/app/models/model_board.go:13.31,13.46 1 0
gitlab.com/shaninalex/lumna/app/models/model_board.go:14.31,14.43 1 0
gitlab.com/shaninalex/lumna/app/models/model_board.go:23.30,23.45 1 0
gitlab.com/shaninalex/lumna/app/models/model_board.go:24.30,24.42 1 0
gitlab.com/shaninalex/lumna/app/models/model_calendar.go:12.39,12.54 1 0
gitlab.com/shaninalex/lumna/app/models/model_calendar.go:13.39,13.51 1 0
gitlab.com/shaninalex/lumna/app/models/model_calendar.go:21.34,21.49 1 0
gitlab.com/shaninalex/lumna/app/models/model_calendar.go:22.34,22.46 1 0
gitlab.com/shaninalex/lumna/app/models/model_comment.go:18.47,18.62 1 0
gitlab.com/shaninalex/lumna/app/models/model_comment.go:19.47,19.59 1 0
gitlab.com/shaninalex/lumna/app/models/model_comment.go:20.47,20.68 1 0
gitlab.com/shaninalex/lumna/app/models/model_comment.go:21.47,21.84 1 0
gitlab.com/shaninalex/lumna/app/models/model_comment.go:22.47,22.69 1 0
gitlab.com/shaninalex/lumna/app/models/model_comment.go:23.47,23.69 1 0
gitlab.com/shaninalex/lumna/app/models/model_comment.go:24.47,24.66 1 0
gitlab.com/shaninalex/lumna/app/models/model_comment.go:25.47,25.66 1 0
gitlab.com/shaninalex/lumna/app/models/model_document.go:11.32,11.47 1 0
gitlab.com/shaninalex/lumna/app/models/model_document.go:12.32,12.44 1 0
gitlab.com/shaninalex/lumna/app/models/model_document.go:20.34,20.49 1 0
gitlab.com/shaninalex/lumna/app/models/model_document.go:21.34,21.46 1 0
gitlab.com/shaninalex/lumna/app/models/model_project.go:12.33,12.48 1 0
gitlab.com/shaninalex/lumna/app/models/model_project.go:13.33,13.45 1 0
gitlab.com/shaninalex/lumna/app/models/model_task.go:14.42,14.57 1 0
gitlab.com/shaninalex/lumna/app/models/model_task.go:15.42,15.54 1 0
gitlab.com/shaninalex/lumna/app/models/model_task.go:16.42,16.64 1 0
gitlab.com/shaninalex/lumna/app/models/model_task.go:17.42,17.64 1 0
gitlab.com/shaninalex/lumna/app/models/model_task.go:18.42,18.61 1 0
gitlab.com/shaninalex/lumna/app/models/model_task.go:19.42,19.61 1 0
gitlab.com/shaninalex/lumna/app/models/model_user.go:27.42,27.57 1 0
gitlab.com/shaninalex/lumna/app/models/model_user.go:28.42,28.54 1 0
gitlab.com/shaninalex/lumna/app/models/model_user.go:29.42,29.60 1 0
gitlab.com/shaninalex/lumna/app/models/model_user.go:30.42,30.57 1 0
gitlab.com/shaninalex/lumna/app/models/model_user.go:31.42,31.61 1 0
gitlab.com/shaninalex/lumna/app/models/model_user.go:32.42,32.58 1 0
gitlab.com/shaninalex/lumna/app/models/model_user.go:33.42,33.64 1 0
gitlab.com/shaninalex/lumna/app/models/model_user.go:34.42,34.67 1 0
gitlab.com/shaninalex/lumna/app/models/model_user.go:35.42,35.64 1 0
gitlab.com/shaninalex/lumna/app/models/model_user.go:36.42,36.64 1 0
gitlab.com/shaninalex/lumna/app/models/model_user.go:37.42,37.61 1 0
gitlab.com/shaninalex/lumna/app/models/model_user.go:38.42,38.61 1 0
gitlab.com/shaninalex/lumna/app/models/model_user.go:52.34,52.49 1 0
gitlab.com/shaninalex/lumna/app/models/model_user.go:55.36,55.49 1 0
gitlab.com/shaninalex/lumna/app/models/model_user.go:58.38,60.2 1 0
gitlab.com/shaninalex/lumna/app/models/model_user.go:63.38,65.2 1 0
gitlab.com/shaninalex/lumna/app/pkg/token/utilites.go:42.46,61.2 2 0
gitlab.com/shaninalex/lumna/app/web/api/user/controller.go:7.49,18.2 3 0
gitlab.com/shaninalex/lumna/app/web/api/user/handler_user.go:11.36,16.2 1 0
gitlab.com/shaninalex/lumna/app/web/api/user/handler_user.go:23.77,25.16 2 0
gitlab.com/shaninalex/lumna/app/web/api/user/handler_user.go:25.16,28.3 2 0
gitlab.com/shaninalex/lumna/app/web/api/user/handler_user.go:29.2,29.24 1 0
gitlab.com/shaninalex/lumna/app/web/api/user/handler_user.go:32.76,35.16 3 0
gitlab.com/shaninalex/lumna/app/web/api/user/handler_user.go:35.16,38.3 2 0
gitlab.com/shaninalex/lumna/app/web/api/user/handler_user.go:40.2,41.72 2 0
gitlab.com/shaninalex/lumna/app/web/api/user/handler_user.go:41.72,44.3 2 0
gitlab.com/shaninalex/lumna/app/web/api/user/handler_user.go:46.2,47.44 2 0
gitlab.com/shaninalex/lumna/app/web/utils/request.go:12.38,13.66 1 0
gitlab.com/shaninalex/lumna/app/web/utils/request.go:13.66,15.3 1 0
gitlab.com/shaninalex/lumna/app/web/utils/request.go:16.2,16.40 1 0
gitlab.com/shaninalex/lumna/app/web/utils/request.go:20.42,21.72 1 0
gitlab.com/shaninalex/lumna/app/web/utils/request.go:21.72,23.3 1 0
gitlab.com/shaninalex/lumna/app/web/utils/request.go:24.2,24.12 1 0
gitlab.com/shaninalex/lumna/app/web/utils/request.go:28.53,30.62 2 0
gitlab.com/shaninalex/lumna/app/web/utils/request.go:30.62,32.3 1 0
gitlab.com/shaninalex/lumna/app/web/utils/request.go:33.2,33.19 1 0
gitlab.com/shaninalex/lumna/app/web/utils/request.go:36.81,38.16 2 0
gitlab.com/shaninalex/lumna/app/web/utils/request.go:38.16,41.3 2 0
gitlab.com/shaninalex/lumna/app/web/utils/request.go:42.2,42.11 1 0
gitlab.com/shaninalex/lumna/app/web/utils/request.go:45.63,47.16 2 0
gitlab.com/shaninalex/lumna/app/web/utils/request.go:47.16,49.3 1 0
gitlab.com/shaninalex/lumna/app/web/utils/request.go:50.2,50.11 1 0
gitlab.com/shaninalex/lumna/app/web/utils/response.go:18.52,23.2 1 0
gitlab.com/shaninalex/lumna/app/web/utils/response.go:26.77,28.19 2 0
gitlab.com/shaninalex/lumna/app/web/utils/response.go:28.19,30.3 1 0
gitlab.com/shaninalex/lumna/app/web/utils/response.go:32.2,32.27 1 0
gitlab.com/shaninalex/lumna/app/web/utils/response.go:32.27,33.24 1 0
gitlab.com/shaninalex/lumna/app/web/utils/response.go:34.15,35.44 1 0
gitlab.com/shaninalex/lumna/app/web/utils/response.go:36.14,37.48 1 0
gitlab.com/shaninalex/lumna/app/web/utils/response.go:41.2,43.37 3 0
gitlab.com/shaninalex/lumna/app/web/utils/response.go:47.62,49.2 1 0
gitlab.com/shaninalex/lumna/app/web/utils/response.go:52.58,54.2 1 0
gitlab.com/shaninalex/lumna/app/web/api/token/controller.go:7.50,18.2 4 0
gitlab.com/shaninalex/lumna/app/web/api/token/handle_token.go:5.38,7.2 1 0
gitlab.com/shaninalex/lumna/app/web/api/token/handle_token.go:12.81,14.2 0 0
gitlab.com/shaninalex/lumna/app/web/api/token/handle_token.go:16.83,18.2 0 0
gitlab.com/shaninalex/lumna/app/web/api/token/handle_token.go:20.83,22.2 0 0
gitlab.com/shaninalex/lumna/app/web/api/health.go:11.58,19.2 3 0
gitlab.com/shaninalex/lumna/app/web/middlewares/middleware_common.go:13.46,16.2 2 0
gitlab.com/shaninalex/lumna/app/web/middlewares/middleware_common.go:19.65,20.71 1 0
gitlab.com/shaninalex/lumna/app/web/middlewares/middleware_common.go:20.71,24.3 3 0
gitlab.com/shaninalex/lumna/app/web/middlewares/middleware_common.go:27.44,29.21 2 0
gitlab.com/shaninalex/lumna/app/web/middlewares/middleware_common.go:29.21,31.3 1 0
gitlab.com/shaninalex/lumna/app/web/middlewares/middleware_common.go:32.2,32.21 1 0
gitlab.com/shaninalex/lumna/app/web/middlewares/middleware_common.go:32.21,34.3 1 0
gitlab.com/shaninalex/lumna/app/web/middlewares/middleware_common.go:35.2,35.18 1 0
gitlab.com/shaninalex/lumna/app/web/middlewares/middleware_cors.go:7.53,8.71 1 0
gitlab.com/shaninalex/lumna/app/web/middlewares/middleware_cors.go:8.71,12.40 2 0
gitlab.com/shaninalex/lumna/app/web/middlewares/middleware_cors.go:12.40,16.4 3 0
gitlab.com/shaninalex/lumna/app/web/middlewares/middleware_cors.go:18.3,21.37 3 0
gitlab.com/shaninalex/lumna/app/web/middlewares/middleware_cors.go:21.37,24.4 2 0
gitlab.com/shaninalex/lumna/app/web/middlewares/middleware_cors.go:26.3,26.23 1 0
gitlab.com/shaninalex/lumna/app/web/middlewares/middleware_headers.go:17.48,20.2 2 0
gitlab.com/shaninalex/lumna/app/web/middlewares/middleware_headers.go:23.66,24.71 1 0
gitlab.com/shaninalex/lumna/app/web/middlewares/middleware_headers.go:24.71,35.3 9 0
gitlab.com/shaninalex/lumna/app/web/middlewares/middleware_logger.go:11.46,13.2 1 0
gitlab.com/shaninalex/lumna/app/web/middlewares/middleware_logger.go:15.65,16.71 1 0
gitlab.com/shaninalex/lumna/app/web/middlewares/middleware_logger.go:16.71,26.3 5 0
gitlab.com/shaninalex/lumna/app/web/middlewares/middleware_logger.go:34.57,37.2 2 0
gitlab.com/shaninalex/lumna/app/web/middlewares/middleware_recovery.go:12.50,14.2 1 0
gitlab.com/shaninalex/lumna/app/web/middlewares/middleware_recovery.go:16.67,17.71 1 0
gitlab.com/shaninalex/lumna/app/web/middlewares/middleware_recovery.go:17.71,18.16 1 0
gitlab.com/shaninalex/lumna/app/web/middlewares/middleware_recovery.go:18.16,19.36 1 0
gitlab.com/shaninalex/lumna/app/web/middlewares/middleware_recovery.go:19.36,23.5 3 0
gitlab.com/shaninalex/lumna/app/web/middlewares/middleware_recovery.go:25.3,25.23 1 0
gitlab.com/shaninalex/lumna/app/web/middlewares/middleware_token.go:18.44,22.2 1 0
gitlab.com/shaninalex/lumna/app/web/middlewares/middleware_token.go:24.64,25.71 1 0
gitlab.com/shaninalex/lumna/app/web/middlewares/middleware_token.go:25.71,29.23 3 0
gitlab.com/shaninalex/lumna/app/web/middlewares/middleware_token.go:29.23,31.64 2 0
gitlab.com/shaninalex/lumna/app/web/middlewares/middleware_token.go:31.64,33.5 1 0
gitlab.com/shaninalex/lumna/app/web/middlewares/middleware_token.go:37.3,37.24 1 0
gitlab.com/shaninalex/lumna/app/web/middlewares/middleware_token.go:37.24,39.18 2 0
gitlab.com/shaninalex/lumna/app/web/middlewares/middleware_token.go:39.18,43.5 2 0
gitlab.com/shaninalex/lumna/app/web/middlewares/middleware_token.go:44.4,44.30 1 0
gitlab.com/shaninalex/lumna/app/web/middlewares/middleware_token.go:48.3,49.17 2 0
gitlab.com/shaninalex/lumna/app/web/middlewares/middleware_token.go:49.17,53.4 2 0
gitlab.com/shaninalex/lumna/app/web/middlewares/middleware_token.go:55.3,56.17 2 0
gitlab.com/shaninalex/lumna/app/web/middlewares/middleware_token.go:56.17,60.4 2 0
gitlab.com/shaninalex/lumna/app/web/middlewares/middleware_token.go:62.3,68.40 3 0
gitlab.com/shaninalex/lumna/app/web/api/project/controller.go:8.42,10.2 1 0
gitlab.com/shaninalex/lumna/app/web/api/project/controller.go:12.52,23.2 3 0
gitlab.com/shaninalex/lumna/app/web/api/project/handlers.go:10.71,13.2 2 0
gitlab.com/shaninalex/lumna/app/web/api/project/handlers.go:15.73,18.2 2 0
gitlab.com/shaninalex/lumna/app/tests/common.go:22.31,23.17 1 0
gitlab.com/shaninalex/lumna/app/tests/common.go:23.17,26.17 3 0
gitlab.com/shaninalex/lumna/app/tests/common.go:26.17,27.14 1 0
gitlab.com/shaninalex/lumna/app/tests/common.go:29.3,29.28 1 0
gitlab.com/shaninalex/lumna/app/tests/common.go:32.2,32.14 1 0
gitlab.com/shaninalex/lumna/app/tests/common.go:36.36,41.2 3 0
gitlab.com/shaninalex/lumna/app/tests/common.go:43.22,45.27 2 0
gitlab.com/shaninalex/lumna/app/tests/common.go:45.27,47.3 1 0
gitlab.com/shaninalex/lumna/app/tests/common.go:50.53,59.2 4 0
gitlab.com/shaninalex/lumna/app/tests/user.go:12.65,27.16 7 0
gitlab.com/shaninalex/lumna/app/tests/user.go:27.16,28.13 1 0
gitlab.com/shaninalex/lumna/app/tests/user.go:30.2,31.16 2 0
gitlab.com/shaninalex/lumna/app/tests/user.go:31.16,32.13 1 0
gitlab.com/shaninalex/lumna/app/tests/user.go:34.2,35.14 2 0
gitlab.com/shaninalex/lumna/app/repositories/project_repository.go:16.50,18.2 1 1
gitlab.com/shaninalex/lumna/app/repositories/project_repository.go:23.89,33.41 5 1
gitlab.com/shaninalex/lumna/app/repositories/project_repository.go:33.41,35.3 1 0
gitlab.com/shaninalex/lumna/app/repositories/project_repository.go:37.2,37.19 1 1
gitlab.com/shaninalex/lumna/app/repositories/project_repository.go:41.87,48.16 3 1
gitlab.com/shaninalex/lumna/app/repositories/project_repository.go:48.16,50.3 1 0
gitlab.com/shaninalex/lumna/app/repositories/project_repository.go:51.2,52.16 2 1
gitlab.com/shaninalex/lumna/app/repositories/project_repository.go:52.16,54.3 1 0
gitlab.com/shaninalex/lumna/app/repositories/project_repository.go:55.2,56.12 2 1
gitlab.com/shaninalex/lumna/app/repositories/project_repository.go:60.73,62.16 2 1
gitlab.com/shaninalex/lumna/app/repositories/project_repository.go:62.16,64.3 1 0
gitlab.com/shaninalex/lumna/app/repositories/project_repository.go:66.2,67.16 2 1
gitlab.com/shaninalex/lumna/app/repositories/project_repository.go:67.16,69.3 1 0
gitlab.com/shaninalex/lumna/app/repositories/project_repository.go:71.2,71.23 1 1
gitlab.com/shaninalex/lumna/app/repositories/project_repository.go:71.23,73.3 1 0
gitlab.com/shaninalex/lumna/app/repositories/project_repository.go:75.2,75.12 1 1
gitlab.com/shaninalex/lumna/app/repositories/project_repository.go:79.89,85.16 4 1
gitlab.com/shaninalex/lumna/app/repositories/project_repository.go:85.16,86.36 1 1
gitlab.com/shaninalex/lumna/app/repositories/project_repository.go:86.36,88.4 1 1
gitlab.com/shaninalex/lumna/app/repositories/project_repository.go:89.3,89.18 1 0
gitlab.com/shaninalex/lumna/app/repositories/project_repository.go:92.2,92.21 1 1
gitlab.com/shaninalex/lumna/app/repositories/project_repository.go:96.102,105.16 4 1
gitlab.com/shaninalex/lumna/app/repositories/project_repository.go:105.16,107.3 1 0
gitlab.com/shaninalex/lumna/app/repositories/project_repository.go:108.2,111.18 3 1
gitlab.com/shaninalex/lumna/app/repositories/project_repository.go:111.18,116.17 2 1
gitlab.com/shaninalex/lumna/app/repositories/project_repository.go:116.17,118.4 1 0
gitlab.com/shaninalex/lumna/app/repositories/project_repository.go:119.3,119.40 1 1
gitlab.com/shaninalex/lumna/app/repositories/project_repository.go:122.2,122.22 1 1
gitlab.com/shaninalex/lumna/app/repositories/project_repository.go:126.96,127.20 1 1
gitlab.com/shaninalex/lumna/app/repositories/project_repository.go:127.20,129.3 1 0
gitlab.com/shaninalex/lumna/app/repositories/project_repository.go:137.2,138.15 2 1
gitlab.com/shaninalex/lumna/app/repositories/project_repository.go:138.15,140.3 1 0
gitlab.com/shaninalex/lumna/app/repositories/project_repository.go:142.2,150.16 4 1
gitlab.com/shaninalex/lumna/app/repositories/project_repository.go:150.16,152.3 1 0
gitlab.com/shaninalex/lumna/app/repositories/project_repository.go:154.2,155.16 2 1
gitlab.com/shaninalex/lumna/app/repositories/project_repository.go:155.16,157.3 1 0
gitlab.com/shaninalex/lumna/app/repositories/project_repository.go:159.2,159.23 1 1
gitlab.com/shaninalex/lumna/app/repositories/project_repository.go:159.23,161.3 1 0
gitlab.com/shaninalex/lumna/app/repositories/project_repository.go:163.2,163.12 1 1
gitlab.com/shaninalex/lumna/app/repositories/user_repository.go:18.42,20.2 1 1
gitlab.com/shaninalex/lumna/app/repositories/user_repository.go:24.94,30.16 4 1
gitlab.com/shaninalex/lumna/app/repositories/user_repository.go:30.16,31.36 1 0
gitlab.com/shaninalex/lumna/app/repositories/user_repository.go:31.36,33.4 1 0
gitlab.com/shaninalex/lumna/app/repositories/user_repository.go:34.3,34.18 1 0
gitlab.com/shaninalex/lumna/app/repositories/user_repository.go:37.2,37.18 1 1
gitlab.com/shaninalex/lumna/app/repositories/user_repository.go:40.92,46.16 4 0
gitlab.com/shaninalex/lumna/app/repositories/user_repository.go:46.16,47.36 1 0
gitlab.com/shaninalex/lumna/app/repositories/user_repository.go:47.36,49.4 1 0
gitlab.com/shaninalex/lumna/app/repositories/user_repository.go:50.3,50.17 1 0
gitlab.com/shaninalex/lumna/app/repositories/user_repository.go:53.2,53.21 1 0
gitlab.com/shaninalex/lumna/app/repositories/user_repository.go:56.82,62.16 4 1
gitlab.com/shaninalex/lumna/app/repositories/user_repository.go:62.16,63.36 1 1
gitlab.com/shaninalex/lumna/app/repositories/user_repository.go:63.36,65.4 1 1
gitlab.com/shaninalex/lumna/app/repositories/user_repository.go:66.3,66.18 1 0
gitlab.com/shaninalex/lumna/app/repositories/user_repository.go:69.2,69.18 1 1
gitlab.com/shaninalex/lumna/app/repositories/user_repository.go:72.69,74.16 2 1
gitlab.com/shaninalex/lumna/app/repositories/user_repository.go:74.16,76.3 1 0
gitlab.com/shaninalex/lumna/app/repositories/user_repository.go:78.2,79.16 2 1
gitlab.com/shaninalex/lumna/app/repositories/user_repository.go:79.16,81.3 1 0
gitlab.com/shaninalex/lumna/app/repositories/user_repository.go:83.2,83.23 1 1
gitlab.com/shaninalex/lumna/app/repositories/user_repository.go:83.23,85.3 1 0
gitlab.com/shaninalex/lumna/app/repositories/user_repository.go:87.2,87.12 1 1
gitlab.com/shaninalex/lumna/app/repositories/user_repository.go:90.79,98.50 4 1
gitlab.com/shaninalex/lumna/app/repositories/user_repository.go:98.50,100.3 1 0
gitlab.com/shaninalex/lumna/app/repositories/user_repository.go:102.2,103.16 2 1
gitlab.com/shaninalex/lumna/app/repositories/user_repository.go:103.16,105.3 1 0
gitlab.com/shaninalex/lumna/app/repositories/user_repository.go:106.2,107.16 2 1
gitlab.com/shaninalex/lumna/app/repositories/user_repository.go:107.16,109.3 1 0
gitlab.com/shaninalex/lumna/app/repositories/user_repository.go:110.2,111.12 2 1
gitlab.com/shaninalex/lumna/app/repositories/user_repository.go:114.95,123.16 4 1
gitlab.com/shaninalex/lumna/app/repositories/user_repository.go:123.16,125.3 1 0
gitlab.com/shaninalex/lumna/app/repositories/user_repository.go:126.2,129.18 3 1
gitlab.com/shaninalex/lumna/app/repositories/user_repository.go:129.18,137.17 2 1
gitlab.com/shaninalex/lumna/app/repositories/user_repository.go:137.17,139.4 1 0
gitlab.com/shaninalex/lumna/app/repositories/user_repository.go:140.3,140.31 1 1
gitlab.com/shaninalex/lumna/app/repositories/user_repository.go:142.2,142.19 1 1
gitlab.com/shaninalex/lumna/app/repositories/user_repository.go:145.92,146.20 1 1
gitlab.com/shaninalex/lumna/app/repositories/user_repository.go:146.20,148.3 1 0
gitlab.com/shaninalex/lumna/app/repositories/user_repository.go:151.2,157.15 3 1
gitlab.com/shaninalex/lumna/app/repositories/user_repository.go:157.15,159.3 1 0
gitlab.com/shaninalex/lumna/app/repositories/user_repository.go:161.2,169.16 4 1
gitlab.com/shaninalex/lumna/app/repositories/user_repository.go:169.16,171.3 1 0
gitlab.com/shaninalex/lumna/app/repositories/user_repository.go:173.2,174.16 2 1
gitlab.com/shaninalex/lumna/app/repositories/user_repository.go:174.16,176.3 1 0
gitlab.com/shaninalex/lumna/app/repositories/user_repository.go:178.2,178.23 1 1
gitlab.com/shaninalex/lumna/app/repositories/user_repository.go:178.23,180.3 1 0
gitlab.com/shaninalex/lumna/app/repositories/user_repository.go:182.2,182.12 1 1
gitlab.com/shaninalex/lumna/app/repositories/user_repository.go:185.85,195.41 5 1
gitlab.com/shaninalex/lumna/app/repositories/user_repository.go:195.41,197.3 1 0
gitlab.com/shaninalex/lumna/app/repositories/user_repository.go:199.2,199.19 1 1
gitlab.com/shaninalex/lumna/app/repositories/user_repository.go:202.49,204.16 2 1
gitlab.com/shaninalex/lumna/app/repositories/user_repository.go:204.16,206.3 1 0
gitlab.com/shaninalex/lumna/app/repositories/user_repository.go:208.2,208.29 1 1
gitlab.com/shaninalex/lumna/app/repositories/user_repository.go:208.29,210.3 1 0
gitlab.com/shaninalex/lumna/app/repositories/user_repository.go:212.2,212.12 1 1
gitlab.com/shaninalex/lumna/app/repositories/user_token_repository.go:16.52,18.2 1 0
gitlab.com/shaninalex/lumna/app/repositories/user_token_repository.go:22.92,24.2 1 0
gitlab.com/shaninalex/lumna/app/repositories/user_token_repository.go:26.74,34.16 3 0
gitlab.com/shaninalex/lumna/app/repositories/user_token_repository.go:34.16,36.3 1 0
gitlab.com/shaninalex/lumna/app/repositories/user_token_repository.go:38.2,39.16 2 0
gitlab.com/shaninalex/lumna/app/repositories/user_token_repository.go:39.16,41.3 1 0
gitlab.com/shaninalex/lumna/app/repositories/user_token_repository.go:42.2,42.19 1 0
gitlab.com/shaninalex/lumna/app/repositories/user_token_repository.go:42.19,44.3 1 0
gitlab.com/shaninalex/lumna/app/repositories/user_token_repository.go:46.2,46.12 1 0
gitlab.com/shaninalex/lumna/app/repositories/user_token_repository.go:49.90,61.16 3 0
gitlab.com/shaninalex/lumna/app/repositories/user_token_repository.go:61.16,63.3 1 0
gitlab.com/shaninalex/lumna/app/repositories/user_token_repository.go:64.2,65.16 2 0
gitlab.com/shaninalex/lumna/app/repositories/user_token_repository.go:65.16,67.3 1 0
gitlab.com/shaninalex/lumna/app/repositories/user_token_repository.go:68.2,69.12 2 0
gitlab.com/shaninalex/lumna/app/repositories/user_token_repository.go:72.105,81.16 4 0
gitlab.com/shaninalex/lumna/app/repositories/user_token_repository.go:81.16,83.3 1 0
gitlab.com/shaninalex/lumna/app/repositories/user_token_repository.go:84.2,87.18 3 0
gitlab.com/shaninalex/lumna/app/repositories/user_token_repository.go:87.18,97.17 2 0
gitlab.com/shaninalex/lumna/app/repositories/user_token_repository.go:97.17,99.4 1 0
gitlab.com/shaninalex/lumna/app/repositories/user_token_repository.go:100.3,100.33 1 0
gitlab.com/shaninalex/lumna/app/repositories/user_token_repository.go:102.2,102.20 1 0
gitlab.com/shaninalex/lumna/app/repositories/user_token_repository.go:105.93,106.20 1 0
gitlab.com/shaninalex/lumna/app/repositories/user_token_repository.go:106.20,108.3 1 0
gitlab.com/shaninalex/lumna/app/repositories/user_token_repository.go:110.2,111.15 2 0
gitlab.com/shaninalex/lumna/app/repositories/user_token_repository.go:111.15,113.3 1 0
gitlab.com/shaninalex/lumna/app/repositories/user_token_repository.go:115.2,123.16 4 0
gitlab.com/shaninalex/lumna/app/repositories/user_token_repository.go:123.16,125.3 1 0
gitlab.com/shaninalex/lumna/app/repositories/user_token_repository.go:127.2,128.16 2 0
gitlab.com/shaninalex/lumna/app/repositories/user_token_repository.go:128.16,130.3 1 0
gitlab.com/shaninalex/lumna/app/repositories/user_token_repository.go:132.2,132.23 1 0
gitlab.com/shaninalex/lumna/app/repositories/user_token_repository.go:132.23,134.3 1 0
gitlab.com/shaninalex/lumna/app/repositories/user_token_repository.go:136.2,136.12 1 0
gitlab.com/shaninalex/lumna/app/repositories/user_token_repository.go:139.90,149.41 5 0
gitlab.com/shaninalex/lumna/app/repositories/user_token_repository.go:149.41,151.3 1 0
gitlab.com/shaninalex/lumna/app/repositories/user_token_repository.go:153.2,153.19 1 0
gitlab.com/shaninalex/lumna/app/repositories/user_token_repository.go:157.120,176.16 5 0
gitlab.com/shaninalex/lumna/app/repositories/user_token_repository.go:176.16,177.27 1 0
gitlab.com/shaninalex/lumna/app/repositories/user_token_repository.go:177.27,179.4 1 0
gitlab.com/shaninalex/lumna/app/repositories/user_token_repository.go:180.3,180.18 1 0
gitlab.com/shaninalex/lumna/app/repositories/user_token_repository.go:183.2,183.19 1 0
gitlab.com/shaninalex/lumna/app/repositories/user_token_repository.go:187.119,195.16 3 0
gitlab.com/shaninalex/lumna/app/repositories/user_token_repository.go:195.16,197.3 1 0
gitlab.com/shaninalex/lumna/app/repositories/user_token_repository.go:199.2,200.16 2 0
gitlab.com/shaninalex/lumna/app/repositories/user_token_repository.go:200.16,202.3 1 0
gitlab.com/shaninalex/lumna/app/repositories/user_token_repository.go:203.2,203.19 1 0
gitlab.com/shaninalex/lumna/app/repositories/user_token_repository.go:203.19,205.3 1 0
gitlab.com/shaninalex/lumna/app/repositories/user_token_repository.go:207.2,207.12 1 0
gitlab.com/shaninalex/lumna/app/repositories/user_token_repository.go:211.92,217.2 1 0
